Microchip MPLAB XC8 Compiler V2.36

Linker command line:

-W-3 --edf=C:\Program Files\Microchip\xc8\v2.36\pic\dat\en_msgs.txt -cn \
  -h+dist/default/debug\Probador_ver1.X.debug.sym \
  --cmf=dist/default/debug\Probador_ver1.X.debug.cmf -z -Q16F877A \
  -oC:\Users\kada9\AppData\Local\Temp\xcAs8gg.4 --defsym=__MPLAB_BUILD=1 \
  -Mdist/default/debug/Probador_ver1.X.debug.map \
  --md=C:\Users\kada9\AppData\Local\Temp\xcAs8gg.dat -E1 -ver=XC8 Compiler \
  --acfsm=1493 -ACODE=00h-07FFhx4 -ASTRCODE=00h-01FFFh -ASTRING=00h-0FFhx32 \
  -ACONST=00h-0FFhx32 -AENTRY=00h-0FFhx32 -ACOMMON=070h-07Fh \
  -ABANK0=020h-06Fh -ABANK1=0A0h-0EFh -ABANK2=0110h-016Fh \
  -ABANK3=0190h-01EFh -ARAM=020h-06Fh,0A0h-0EFh,0110h-016Fh,0190h-01EFh \
  -AABS1=020h-07Fh,0A0h-0EFh,0110h-016Fh,0190h-01EFh -ASFR0=00h-01Fh \
  -ASFR1=080h-09Fh -ASFR2=0100h-010Fh -ASFR3=0180h-018Fh \
  -ACONFIG=02007h-02007h -DCONFIG=2 -AIDLOC=02000h-02003h -DIDLOC=2 \
  -AEEDATA=00h-0FFh/02100h -peeprom_data=EEDATA -DEEDATA=2 -DCODE=2 \
  -DSTRCODE=2 -DSTRING=2 -DCONST=2 -DENTRY=2 \
  -preset_vec=00h,intentry,init,end_init -ppowerup=CODE -pcinit=CODE \
  -pfunctab=ENTRY -k C:\Users\kada9\AppData\Local\Temp\xcAs8gg.o \
  dist/default/debug\Probador_ver1.X.debug.o 

Object code version is 3.11

Machine type is 16F877A



                Name                               Link     Load   Length Selector   Space Scale
C:\Users\kada9\AppData\Local\Temp\xcAs8gg.o
                end_init                              0        0        3        0       0
                config                             2007     2007        1        0       4
                idloc                              2000     2000        4        0       5
dist/default/debug\Probador_ver1.X.debug.o
                cinit                               7ED      7ED       13      FDA       0
                config                             2007     2007        1        0       4
                idloc                              2000     2000        4        0       5
                text6                               675      675       6A      CEA       0
                text5                               662      662       13      CC4       0
                text4                               652      652       10      CA4       0
                text3                               644      644        E      C88       0
                text2                               63F      63F        5      C7E       0
                text1                               63B      63B        4      C76       0
                maintext                            6DF      6DF      10E      DBE       0
                cstackCOMMON                         70       70        A       70       1
                dataBANK0                            21       21        1       20       1
                dataCOMMON                           7D       7D        1       70       1
                bssCOMMON                            7A       7A        3       70       1
                nvBANK0                              20       20        1       20       1
                idataBANK0                          639      639        1      C72       0
                idataCOMMON                         63A      63A        1      C74       0

TOTAL           Name                               Link     Load   Length     Space
        CLASS   CODE           
                end_init                              0        0        3         0
                cinit                               7ED      7ED       13         0
                text6                               675      675       6A         0
                text5                               662      662       13         0
                text4                               652      652       10         0
                text3                               644      644        E         0
                text2                               63F      63F        5         0
                text1                               63B      63B        4         0
                maintext                            6DF      6DF      10E         0
                idataBANK0                          639      639        1         0
                idataCOMMON                         63A      63A        1         0

        CLASS   STRCODE        

        CLASS   STRING         

        CLASS   CONST          

        CLASS   ENTRY          

        CLASS   COMMON         
                cstackCOMMON                         70       70        A         1
                dataCOMMON                           7D       7D        1         1
                bssCOMMON                            7A       7A        3         1

        CLASS   BANK0          
                dataBANK0                            21       21        1         1
                nvBANK0                              20       20        1         1

        CLASS   BANK1          

        CLASS   BANK2          

        CLASS   BANK3          

        CLASS   RAM            

        CLASS   ABS1           
                abs_s1                               7E       7E        2         1

        CLASS   SFR0           

        CLASS   SFR1           

        CLASS   SFR2           

        CLASS   SFR3           

        CLASS   CONFIG         
                config                             2007     2007        1         4

        CLASS   IDLOC          
                idloc                              2000     2000        4         5

        CLASS   EEDATA         

        CLASS   STACK          



SEGMENTS        Name                           Load    Length   Top    Selector   Space  Class     Delta

                reset_vec                      000000  000003  000003         0       0  CODE        2
                nvBANK0                        000020  000002  000022        20       1  BANK0       1
                cstackCOMMON                   000070  00000E  00007E        70       1  COMMON      1
                idataBANK0                     000639  000001  00063A       C72       0  CODE        2
                idataCOMMON                    00063A  000001  00063B       C74       0  CODE        2
                text1                          00063B  000004  00063F       C76       0  CODE        2
                text2                          00063F  000005  000644       C7E       0  CODE        2
                text3                          000644  00000E  000652       C88       0  CODE        2
                text4                          000652  000010  000662       CA4       0  CODE        2
                text5                          000662  000013  000675       CC4       0  CODE        2
                text6                          000675  00006A  0006DF       CEA       0  CODE        2
                maintext                       0006DF  00010E  0007ED       DBE       0  CODE        2
                cinit                          0007ED  000013  000800       FDA       0  CODE        2


UNUSED ADDRESS RANGES

        Name                Unused          Largest block    Delta
        BANK0            0022-006F             4E           1
        BANK1            00A0-00EF             50           1
        BANK2            0110-016F             60           1
        BANK3            0190-01EF             60           1
        CODE             0003-0638            636           2
                         0800-1FFF            800
        CONST            0003-0638            100           2
                         0800-1FFF            100
        EEDATA           2100-21FF            100           2
        ENTRY            0003-0638            100           2
                         0800-1FFF            100
        RAM              0022-006F             4E           1
                         00A0-00EF             50
                         0110-016F             60
                         0190-01EF             60
        SFR0             0000-001F             20           1
        SFR1             0080-009F             20           1
        SFR2             0100-010F             10           1
        SFR3             0180-018F             10           1
        STRCODE          0003-0638            636           2
                         0800-1FFF           1800
        STRING           0003-0638            100           2
                         0800-1FFF            100

                                  Symbol Table

Prueba_sal@i             cstackCOMMON 0074
_ADCON1                  (abs)        009F
_PORTA                   (abs)        0005
_PORTB                   (abs)        0006
_PORTC                   (abs)        0007
_PORTD                   (abs)        0008
_PORTE                   (abs)        0009
_Prueba_sal              text5        0662
_RE0                     (abs)        0048
_RE1                     (abs)        0049
_RE2                     (abs)        004A
_TRISA                   (abs)        0085
_TRISB                   (abs)        0086
_TRISC                   (abs)        0087
_TRISD                   (abs)        0088
_TRISE                   (abs)        0089
__Habs1                  abs1         0000
__Hbank0                 bank0        0000
__Hbank1                 bank1        0000
__Hbank2                 bank2        0000
__Hbank3                 bank3        0000
__HbssCOMMON             bssCOMMON    0000
__Hcinit                 cinit        0800
__Hclrtext               clrtext      0000
__Hcode                  code         0000
__Hcommon                common       0000
__Hconfig                config       2008
__HcstackCOMMON          cstackCOMMON 0000
__HdataBANK0             dataBANK0    0000
__HdataCOMMON            dataCOMMON   0000
__Heeprom_data           eeprom_data  0000
__Hend_init              end_init     0003
__Hfunctab               functab      0000
__HidataBANK0            idataBANK0   0000
__HidataCOMMON           idataCOMMON  0000
__Hidloc                 idloc        2004
__Hinit                  init         0000
__Hintentry              intentry     0000
__Hmaintext              maintext     0000
__HnvBANK0               nvBANK0      0000
__Hpowerup               powerup      0000
__Hram                   ram          0000
__Hreset_vec             reset_vec    0000
__Hsfr0                  sfr0         0000
__Hsfr1                  sfr1         0000
__Hsfr2                  sfr2         0000
__Hsfr3                  sfr3         0000
__Hspace_0               (abs)        0800
__Hspace_1               (abs)        007E
__Hspace_2               (abs)        0000
__Hspace_3               (abs)        0000
__Hspace_4               (abs)        400F
__Hstack                 stack        0000
__Hstrings               strings      0000
__Htext                  text         0000
__Labs1                  abs1         0000
__Lbank0                 bank0        0000
__Lbank1                 bank1        0000
__Lbank2                 bank2        0000
__Lbank3                 bank3        0000
__LbssCOMMON             bssCOMMON    0000
__Lcinit                 cinit        07ED
__Lclrtext               clrtext      0000
__Lcode                  code         0000
__Lcommon                common       0000
__Lconfig                config       0000
__LcstackCOMMON          cstackCOMMON 0000
__LdataBANK0             dataBANK0    0000
__LdataCOMMON            dataCOMMON   0000
__Leeprom_data           eeprom_data  0000
__Lend_init              end_init     0000
__Lfunctab               functab      0000
__LidataBANK0            idataBANK0   0000
__LidataCOMMON           idataCOMMON  0000
__Lidloc                 idloc        0000
__Linit                  init         0000
__Lintentry              intentry     0000
__Lmaintext              maintext     0000
__LnvBANK0               nvBANK0      0000
__Lpowerup               powerup      0000
__Lram                   ram          0000
__Lreset_vec             reset_vec    0000
__Lsfr0                  sfr0         0000
__Lsfr1                  sfr1         0000
__Lsfr2                  sfr2         0000
__Lsfr3                  sfr3         0000
__Lspace_0               (abs)        0000
__Lspace_1               (abs)        0000
__Lspace_2               (abs)        0000
__Lspace_3               (abs)        0000
__Lspace_4               (abs)        0000
__Lstack                 stack        0000
__Lstrings               strings      0000
__Ltext                  text         0000
__S0                     (abs)        0800
__S1                     (abs)        007E
__S3                     (abs)        0000
___int_sp                stack        0000
___latbits               (abs)        0002
___sp                    stack        0000
___stackhi               (abs)        0000
___stacklo               (abs)        0000
__end_of_Prueba_sal      text5        0675
__end_of__initialization cinit        07FC
__end_of_main            maintext     07ED
__end_of_port_conf_r1    text4        0662
__end_of_port_conf_r2    text3        0652
__end_of_porte_ent       text2        0644
__end_of_porte_sal       text1        063F
__end_of_salidas         text6        06DF
__initialization         cinit        07ED
__pbssCOMMON             bssCOMMON    007A
__pcstackCOMMON          cstackCOMMON 0070
__pdataBANK0             dataBANK0    0021
__pdataCOMMON            dataCOMMON   007D
__pidataBANK0            idataBANK0   0639
__pidataCOMMON           idataCOMMON  063A
__pmaintext              maintext     06DF
__pnvBANK0               nvBANK0      0020
__ptext1                 text1        063B
__ptext2                 text2        063F
__ptext3                 text3        0644
__ptext4                 text4        0652
__ptext5                 text5        0662
__ptext6                 text6        0675
_main                    maintext     06DF
_mask                    bssCOMMON    007B
_nro_pin                 dataCOMMON   007D
_port_act                nvBANK0      0020
_port_conf_r1            text4        0652
_port_conf_r2            text3        0644
_porte_ent               text2        063F
_porte_sal               text1        063B
_puerto                  bssCOMMON    007C
_salidas                 text6        0675
_xx                      bssCOMMON    007A
btemp                    (abs)        007E
end_of_initialization    cinit        07FC
intlevel0                functab      0000
intlevel1                functab      0000
intlevel2                functab      0000
intlevel3                functab      0000
intlevel4                functab      0000
intlevel5                functab      0000
main@i                   cstackCOMMON 0078
main@i_79                cstackCOMMON 0079
reset_vec                reset_vec    0000
salidas@i                cstackCOMMON 0072
start                    init         0000
start_initialization     cinit        07ED
wtemp0                   (abs)        007E


MODULE INFORMATION

Module		Function		Class		Link	Load	Size
Probador1.c
		_porte_ent     		CODE           	063F	0000	5
		_main          		CODE           	06DF	0000	270
		_port_conf_r1  		CODE           	0652	0000	16
		_port_conf_r2  		CODE           	0644	0000	14
		_Prueba_sal    		CODE           	0662	0000	19
		_porte_sal     		CODE           	063B	0000	4
		_salidas       		CODE           	0675	0000	106

Probador1.c estimated size: 434

shared
		__initialization		CODE           	07ED	0000	15

shared estimated size: 15

