Microchip MPLAB XC8 Compiler V2.20

Linker command line:

-W-3 --edf=C:\Program Files\Microchip\xc8\v2.20\pic\dat\en_msgs.txt -cn \
  -h+dist/default/debug\Probador_v1.debug.sym \
  --cmf=dist/default/debug\Probador_v1.debug.cmf -z -Q16F877 \
  -oC:\Users\usuario\AppData\Local\Temp\sd14.2 --defsym=__MPLAB_BUILD=1 \
  -Mdist/default/debug/Probador_v1.debug.map -E1 -ver=XC8 Compiler \
  --acfsm=1493 -ASTACK=0110h-016Fh -pstack=STACK -ACODE=00h-07FFhx4 \
  -ASTRCODE=00h-01FFFh -ASTRING=00h-0FFhx32 -ACONST=00h-0FFhx32 \
  -AENTRY=00h-0FFhx32 -ACOMMON=070h-07Fh -ABANK0=020h-06Fh \
  -ABANK1=0A0h-0EFh -ABANK2=0110h-016Fh -ABANK3=0190h-01EFh \
  -ARAM=020h-06Fh,0A0h-0EFh,0110h-016Fh,0190h-01EFh \
  -AABS1=020h-07Fh,0A0h-0EFh,0110h-016Fh,0190h-01EFh -ASFR0=00h-01Fh \
  -ASFR1=080h-09Fh -ASFR2=0100h-010Fh -ASFR3=0180h-018Fh \
  -ACONFIG=02007h-02007h -DCONFIG=2 -AIDLOC=02000h-02003h -DIDLOC=2 \
  -preset_vec=00h,intentry,init,end_init -ppowerup=CODE -pcinit=CODE \
  -pfunctab=ENTRY -AEEDATA=00h-0FFh/02100h -peeprom_data=EEDATA -DEEDATA=2 \
  -DCODE=2 -DSTRCODE=2 -DSTRING=2 -DCONST=2 -DENTRY=2 -k \
  C:\Users\usuario\AppData\Local\Temp\sd14.o \
  dist/default/debug\Probador_v1.debug.o 

Object code version is 3.11

Machine type is 16F877



                Name                               Link     Load   Length Selector   Space Scale
C:\Users\usuario\AppData\Local\Temp\sd14.o
                end_init                              0        0        3        0       0
                config                             2007     2007        1        0       4
                idloc                              2000     2000        4        0       5
dist/default/debug\Probador_v1.debug.o
                cinit                               7F0      7F0       10      FE0       0
                config                             2007     2007        1        0       4
                idloc                              2000     2000        4        0       5
                text16                               7E       7E       12       FC       0
                text15                               A5       A5       2B      14A       0
                text14                              1B4      1B4       A4      368       0
                text13                              258      258       BA      4B0       0
                text12                              10A      10A       44      214       0
                text11                               D0       D0       3A      1A0       0
                text10                               55       55        C       AA       0
                text9                                4D       4D        8       9A       0
                text8                               312      312       C2      624       0
                text7                               3D4      3D4      126      7A8       0
                text6                               14E      14E       66      29C       0
                text5                                90       90       15      120       0
                text4                                6F       6F        F       DE       0
                text3                                61       61        E       C2       0
                text2                                48       48        5       90       0
                text1                                44       44        4       88       0
                maintext                            4FA      4FA      2F6      9F4       0
                cstackBANK0                          20       20       1C       20       1
                cstackCOMMON                         70       70        E       70       1
                dataBANK0                            43       43        1       20       1
                bssBANK0                             3C       3C        6       20       1
                nvBANK0                              42       42        1       20       1
                strings                               3        3       22        6       0
                idataBANK0                           43       43        1       86       0

TOTAL           Name                               Link     Load   Length     Space
        CLASS   STACK          

        CLASS   CODE           
                end_init                              0        0        3         0
                cinit                               7F0      7F0       10         0
                text16                               7E       7E       12         0
                text15                               A5       A5       2B         0
                text14                              1B4      1B4       A4         0
                text13                              258      258       BA         0
                text12                              10A      10A       44         0
                text11                               D0       D0       3A         0
                text10                               55       55        C         0
                text9                                4D       4D        8         0
                text8                               312      312       C2         0
                text7                               3D4      3D4      126         0
                text6                               14E      14E       66         0
                text5                                90       90       15         0
                text4                                6F       6F        F         0
                text3                                61       61        E         0
                text2                                48       48        5         0
                text1                                44       44        4         0
                maintext                            4FA      4FA      2F6         0
                idataBANK0                           43       43        1         0

        CLASS   STRCODE        

        CLASS   STRING         
                strings                               3        3       22         0

        CLASS   CONST          

        CLASS   ENTRY          

        CLASS   COMMON         
                cstackCOMMON                         70       70        E         1

        CLASS   BANK0          
                cstackBANK0                          20       20       1C         1
                dataBANK0                            43       43        1         1
                bssBANK0                             3C       3C        6         1
                nvBANK0                              42       42        1         1

        CLASS   BANK1          

        CLASS   BANK2          

        CLASS   BANK3          

        CLASS   RAM            

        CLASS   ABS1           
                abs_s1                               7E       7E        2         1

        CLASS   SFR0           

        CLASS   SFR1           

        CLASS   SFR2           

        CLASS   SFR3           

        CLASS   CONFIG         
                config                             2007     2007        1         4

        CLASS   IDLOC          
                idloc                              2000     2000        4         5

        CLASS   EEDATA         



SEGMENTS        Name                           Load    Length   Top    Selector   Space  Class     Delta

                reset_vec                      000000  000003  000003         0       0  CODE        2
                strings                        000003  000022  000025         6       0  STRING      2
                cstackBANK0                    000020  000024  000044        20       1  BANK0       1
                cstackCOMMON                   000070  00000E  00007E        70       1  COMMON      1
                idataBANK0                     000043  000001  000044        86       0  CODE        2
                text1                          000044  000004  000048        88       0  CODE        2
                text2                          000048  000005  00004D        90       0  CODE        2
                text9                          00004D  000008  000055        9A       0  CODE        2
                text10                         000055  00000C  000061        AA       0  CODE        2
                text3                          000061  00000E  00006F        C2       0  CODE        2
                text4                          00006F  00000F  00007E        DE       0  CODE        2
                text16                         00007E  000012  000090        FC       0  CODE        2
                text5                          000090  000015  0000A5       120       0  CODE        2
                text15                         0000A5  00002B  0000D0       14A       0  CODE        2
                text11                         0000D0  00003A  00010A       1A0       0  CODE        2
                text12                         00010A  000044  00014E       214       0  CODE        2
                text6                          00014E  000066  0001B4       29C       0  CODE        2
                text14                         0001B4  0000A4  000258       368       0  CODE        2
                text13                         000258  0000BA  000312       4B0       0  CODE        2
                text8                          000312  0000C2  0003D4       624       0  CODE        2
                text7                          0003D4  000126  0004FA       7A8       0  CODE        2
                maintext                       0004FA  0002F6  0007F0       9F4       0  CODE        2
                cinit                          0007F0  000010  000800       FE0       0  CODE        2


UNUSED ADDRESS RANGES

        Name                Unused          Largest block    Delta
        BANK0            0044-006F             2C           1
        BANK1            00A0-00EF             50           1
        BANK2            0110-016F             60           1
        BANK3            0190-01EF             60           1
        CODE             0025-0042             1E           2
                         0800-1FFF            800
        CONST            0025-0042             1E           2
                         0800-1FFF            100
        EEDATA           2100-21FF            100           2
        ENTRY            0025-0042             1E           2
                         0800-1FFF            100
        RAM              0044-006F             2C           1
                         00A0-00EF             50
                         0110-016F             60
                         0190-01EF             60
        SFR0             0000-001F             20           1
        SFR1             0080-009F             20           1
        SFR2             0100-010F             10           1
        SFR3             0180-018F             10           1
        STACK            0110-016F             60           1
        STRCODE          0025-0042             1E           2
                         0800-1FFF           1800
        STRING           0025-0042             1E           2
                         0800-1FFF            100

                                  Symbol Table

?_ADC_Read               cstackCOMMON 0070
?___lwdiv                cstackCOMMON 0070
?___lwmod                cstackCOMMON 0077
?___xxtofl               cstackCOMMON 0070
?_printf                 cstackCOMMON 007C
ADC@i                    cstackBANK0  002F
ADC@valor                cstackBANK0  0031
ADC_Read@channel         cstackCOMMON 0074
Prueba_sal@i             cstackCOMMON 0074
UART_Write@data          cstackCOMMON 0070
_ADC                     text7        03D4
_ADCON0                  (abs)        001F
_ADCON1                  (abs)        009F
_ADC_Init                text16       007E
_ADC_Read                text15       00A5
_ADRESH                  (abs)        001E
_ADRESL                  (abs)        009E
_GO_nDONE                (abs)        00FA
_PORTA                   (abs)        0005
_PORTB                   (abs)        0006
_PORTC                   (abs)        0007
_PORTD                   (abs)        0008
_PORTE                   (abs)        0009
_Prueba_sal              text5        0090
_RCSTAbits               (abs)        0018
_RE0                     (abs)        0048
_RE1                     (abs)        0049
_RE2                     (abs)        004A
_SPBRG                   (abs)        0099
_TRISA                   (abs)        0085
_TRISB                   (abs)        0086
_TRISC                   (abs)        0087
_TRISD                   (abs)        0088
_TRISE                   (abs)        0089
_TXREG                   (abs)        0019
_TXSTAbits               (abs)        0098
_UART_Write              text10       0055
__Habs1                  abs1         0000
__Hbank0                 bank0        0000
__Hbank1                 bank1        0000
__Hbank2                 bank2        0000
__Hbank3                 bank3        0000
__HbssBANK0              bssBANK0     0000
__Hcinit                 cinit        0800
__Hclrtext               clrtext      0000
__Hcode                  code         0000
__Hcommon                common       0000
__Hconfig                config       2008
__HcstackBANK0           cstackBANK0  0000
__HcstackCOMMON          cstackCOMMON 0000
__HdataBANK0             dataBANK0    0000
__Heeprom_data           eeprom_data  0000
__Hend_init              end_init     0003
__Hfunctab               functab      0000
__HidataBANK0            idataBANK0   0000
__Hidloc                 idloc        2004
__Hinit                  init         0000
__Hintentry              intentry     0000
__Hmaintext              maintext     0000
__HnvBANK0               nvBANK0      0000
__Hpowerup               powerup      0000
__Hram                   ram          0000
__Hreset_vec             reset_vec    0000
__Hsfr0                  sfr0         0000
__Hsfr1                  sfr1         0000
__Hsfr2                  sfr2         0000
__Hsfr3                  sfr3         0000
__Hspace_0               (abs)        0800
__Hspace_1               (abs)        007E
__Hspace_2               (abs)        0000
__Hspace_3               (abs)        0000
__Hspace_4               (abs)        400F
__Hstack                 stack        0000
__Hstrings               strings      0000
__Htext                  text         0000
__Labs1                  abs1         0000
__Lbank0                 bank0        0000
__Lbank1                 bank1        0000
__Lbank2                 bank2        0000
__Lbank3                 bank3        0000
__LbssBANK0              bssBANK0     0000
__Lcinit                 cinit        07F0
__Lclrtext               clrtext      0000
__Lcode                  code         0000
__Lcommon                common       0000
__Lconfig                config       0000
__LcstackBANK0           cstackBANK0  0000
__LcstackCOMMON          cstackCOMMON 0000
__LdataBANK0             dataBANK0    0000
__Leeprom_data           eeprom_data  0000
__Lend_init              end_init     0000
__Lfunctab               functab      0000
__LidataBANK0            idataBANK0   0000
__Lidloc                 idloc        0000
__Linit                  init         0000
__Lintentry              intentry     0000
__Lmaintext              maintext     0000
__LnvBANK0               nvBANK0      0000
__Lpowerup               powerup      0000
__Lram                   ram          0000
__Lreset_vec             reset_vec    0000
__Lsfr0                  sfr0         0000
__Lsfr1                  sfr1         0000
__Lsfr2                  sfr2         0000
__Lsfr3                  sfr3         0000
__Lspace_0               (abs)        0000
__Lspace_1               (abs)        0000
__Lspace_2               (abs)        0000
__Lspace_3               (abs)        0000
__Lspace_4               (abs)        0000
__Lstack                 stack        0000
__Lstrings               strings      0000
__Ltext                  text         0000
__S0                     (abs)        0800
__S1                     (abs)        007E
__S2                     (abs)        0000
__S3                     (abs)        0000
___flge                  text14       01B4
___flge@ff1              cstackBANK0  0020
___flge@ff2              cstackBANK0  0024
___int_sp                stack        0000
___latbits               (abs)        0002
___lwdiv                 text12       010A
___lwdiv@counter         cstackCOMMON 0076
___lwdiv@dividend        cstackCOMMON 0072
___lwdiv@divisor         cstackCOMMON 0070
___lwdiv@quotient        cstackCOMMON 0074
___lwmod                 text11       00D0
___lwmod@counter         cstackCOMMON 007B
___lwmod@dividend        cstackCOMMON 0079
___lwmod@divisor         cstackCOMMON 0077
___sp                    stack        0000
___stackhi               (abs)        0000
___stacklo               (abs)        0000
___xxtofl                text13       0258
___xxtofl@arg            cstackCOMMON 007A
___xxtofl@exp            cstackCOMMON 0079
___xxtofl@sign           cstackCOMMON 0078
___xxtofl@val            cstackCOMMON 0070
__end_of_ADC             text7        04FA
__end_of_ADC_Init        text16       0090
__end_of_ADC_Read        text15       00D0
__end_of_Prueba_sal      text5        00A5
__end_of_UART_Write      text10       0061
__end_of___flge          text14       0258
__end_of___lwdiv         text12       014E
__end_of___lwmod         text11       010A
__end_of___xxtofl        text13       0312
__end_of__initialization cinit        07FC
__end_of__stringtab      strings      0009
__end_of_dpowers         strings      0013
__end_of_main            maintext     07F0
__end_of_port_conf_r1    text4        007E
__end_of_port_conf_r2    text3        006F
__end_of_porte_ent       text2        004D
__end_of_porte_sal       text1        0048
__end_of_printf          text8        03D4
__end_of_putch           text9        0055
__end_of_salidas         text6        01B4
__initialization         cinit        07F0
__pbssBANK0              bssBANK0     003C
__pcstackBANK0           cstackBANK0  0020
__pcstackCOMMON          cstackCOMMON 0070
__pdataBANK0             dataBANK0    0043
__pidataBANK0            idataBANK0   0043
__pmaintext              maintext     04FA
__pnvBANK0               nvBANK0      0042
__pstrings               strings      0003
__ptext1                 text1        0044
__ptext10                text10       0055
__ptext11                text11       00D0
__ptext12                text12       010A
__ptext13                text13       0258
__ptext14                text14       01B4
__ptext15                text15       00A5
__ptext16                text16       007E
__ptext2                 text2        0048
__ptext3                 text3        0061
__ptext4                 text4        006F
__ptext5                 text5        0090
__ptext6                 text6        014E
__ptext7                 text7        03D4
__ptext8                 text8        0312
__ptext9                 text9        004D
__size_of_ADC            (abs)        0000
__size_of_ADC_Init       (abs)        0000
__size_of_ADC_Read       (abs)        0000
__size_of_Prueba_sal     (abs)        0000
__size_of_UART_Write     (abs)        0000
__size_of___flge         (abs)        0000
__size_of___lwdiv        (abs)        0000
__size_of___lwmod        (abs)        0000
__size_of___xxtofl       (abs)        0000
__size_of_main           (abs)        0000
__size_of_port_conf_r1   (abs)        0000
__size_of_port_conf_r2   (abs)        0000
__size_of_porte_ent      (abs)        0000
__size_of_porte_sal      (abs)        0000
__size_of_printf         (abs)        0000
__size_of_putch          (abs)        0000
__size_of_salidas        (abs)        0000
__stringbase             strings      0008
__stringtab              strings      0003
_dpowers                 strings      0009
_incremento              bssBANK0     0041
_main                    maintext     04FA
_mask                    bssBANK0     003F
_nro_pin                 dataBANK0    0043
_port_act                nvBANK0      0042
_port_conf_r1            text4        006F
_port_conf_r2            text3        0061
_porte_ent               text2        0048
_porte_sal               text1        0044
_printf                  text8        0312
_prueba                  bssBANK0     003E
_puerto                  bssBANK0     0040
_putch                   text9        004D
_salidas                 text6        014E
_xx                      bssBANK0     003D
btemp                    (abs)        007E
end_of_initialization    cinit        07FC
intlevel0                functab      0000
intlevel1                functab      0000
intlevel2                functab      0000
intlevel3                functab      0000
intlevel4                functab      0000
intlevel5                functab      0000
main@i_205               cstackBANK0  0037
main@i_206               cstackBANK0  0038
main@i_207               cstackBANK0  0039
main@i_208               cstackBANK0  003A
main@i_210               cstackBANK0  003B
printf@ap                cstackBANK0  0024
printf@c                 cstackBANK0  0029
printf@f                 cstackBANK0  0028
printf@flag              cstackBANK0  0023
printf@prec              cstackBANK0  0027
printf@val               cstackBANK0  0025
putch@data               cstackCOMMON 0071
reset_vec                reset_vec    0000
salidas@i                cstackCOMMON 0073
start                    init         0000
start_initialization     cinit        07F0
wtemp0                   (abs)        007E


FUNCTION INFORMATION:

 *************** function _main *****************
 Defined at:
		line 122 in file "Probador1.c"
 Parameters:    Size  Location     Type
		None
 Auto vars:     Size  Location     Type
  i               1   26[BANK0 ] unsigned char 
  i               1   25[BANK0 ] unsigned char 
  i               1   24[BANK0 ] unsigned char 
  i               1   23[BANK0 ] unsigned char 
  i               1    0        unsigned char 
  i               1   27[BANK0 ] unsigned char 
 Return value:  Size  Location     Type
                  1    wreg      void 
 Registers used:
		wreg, fsr0l, fsr0h, status,2, status,0, btemp+1, pclath, cstack
 Tracked objects:
		On entry : 
		On exit  : 
		Unchanged: 
 Data sizes:     COMMON   BANK0   BANK1   BANK3   BANK2
      Params:         0       0       0       0       0
      Locals:         0       6       0       0       0
      Temps:          0       3       0       0       0
      Totals:         0       9       0       0       0
Total ram usage:        9 bytes
 Hardware stack levels required when called:    4
 This function calls:
		_ADC
		_Prueba_sal
		_port_conf_r1
		_port_conf_r2
		_porte_ent
		_porte_sal
 This function is called by:
		Startup code after reset
 This function uses a non-reentrant model


 *************** function _porte_sal *****************
 Defined at:
		line 391 in file "Probador1.c"
 Parameters:    Size  Location     Type
		None
 Auto vars:     Size  Location     Type
		None
 Return value:  Size  Location     Type
                  1    wreg      void 
 Registers used:
		status,2
 Tracked objects:
		On entry : 
		On exit  : 
		Unchanged: 
 Data sizes:     COMMON   BANK0   BANK1   BANK3   BANK2
      Params:         0       0       0       0       0
      Locals:         0       0       0       0       0
      Temps:          0       0       0       0       0
      Totals:         0       0       0       0       0
Total ram usage:        0 bytes
 Hardware stack levels used:    1
 This function calls:
		Nothing
 This function is called by:
		_main
 This function uses a non-reentrant model


 *************** function _porte_ent *****************
 Defined at:
		line 387 in file "Probador1.c"
 Parameters:    Size  Location     Type
		None
 Auto vars:     Size  Location     Type
		None
 Return value:  Size  Location     Type
                  1    wreg      void 
 Registers used:
		wreg
 Tracked objects:
		On entry : 
		On exit  : 
		Unchanged: 
 Data sizes:     COMMON   BANK0   BANK1   BANK3   BANK2
      Params:         0       0       0       0       0
      Locals:         0       0       0       0       0
      Temps:          0       0       0       0       0
      Totals:         0       0       0       0       0
Total ram usage:        0 bytes
 Hardware stack levels used:    1
 This function calls:
		Nothing
 This function is called by:
		_main
 This function uses a non-reentrant model


 *************** function _port_conf_r2 *****************
 Defined at:
		line 367 in file "Probador1.c"
 Parameters:    Size  Location     Type
		None
 Auto vars:     Size  Location     Type
		None
 Return value:  Size  Location     Type
                  1    wreg      void 
 Registers used:
		wreg, status,2
 Tracked objects:
		On entry : 
		On exit  : 
		Unchanged: 
 Data sizes:     COMMON   BANK0   BANK1   BANK3   BANK2
      Params:         0       0       0       0       0
      Locals:         0       0       0       0       0
      Temps:          0       0       0       0       0
      Totals:         0       0       0       0       0
Total ram usage:        0 bytes
 Hardware stack levels used:    1
 This function calls:
		Nothing
 This function is called by:
		_main
 This function uses a non-reentrant model


 *************** function _port_conf_r1 *****************
 Defined at:
		line 375 in file "Probador1.c"
 Parameters:    Size  Location     Type
		None
 Auto vars:     Size  Location     Type
		None
 Return value:  Size  Location     Type
                  1    wreg      void 
 Registers used:
		wreg, status,2
 Tracked objects:
		On entry : 
		On exit  : 
		Unchanged: 
 Data sizes:     COMMON   BANK0   BANK1   BANK3   BANK2
      Params:         0       0       0       0       0
      Locals:         0       0       0       0       0
      Temps:          0       0       0       0       0
      Totals:         0       0       0       0       0
Total ram usage:        0 bytes
 Hardware stack levels used:    1
 This function calls:
		Nothing
 This function is called by:
		_main
 This function uses a non-reentrant model


 *************** function _Prueba_sal *****************
 Defined at:
		line 395 in file "Probador1.c"
 Parameters:    Size  Location     Type
		None
 Auto vars:     Size  Location     Type
  i               1    4[COMMON] unsigned char 
 Return value:  Size  Location     Type
                  1    wreg      void 
 Registers used:
		wreg, fsr0l, fsr0h, status,2, status,0, btemp+1, pclath, cstack
 Tracked objects:
		On entry : 
		On exit  : 
		Unchanged: 
 Data sizes:     COMMON   BANK0   BANK1   BANK3   BANK2
      Params:         0       0       0       0       0
      Locals:         1       0       0       0       0
      Temps:          0       0       0       0       0
      Totals:         1       0       0       0       0
Total ram usage:        1 bytes
 Hardware stack levels used:    1
 Hardware stack levels required when called:    1
 This function calls:
		_salidas
 This function is called by:
		_main
 This function uses a non-reentrant model


 *************** function _salidas *****************
 Defined at:
		line 401 in file "Probador1.c"
 Parameters:    Size  Location     Type
  i               1    wreg     unsigned char 
 Auto vars:     Size  Location     Type
  i               1    3[COMMON] unsigned char 
 Return value:  Size  Location     Type
                  1    wreg      void 
 Registers used:
		wreg, fsr0l, fsr0h, status,2, status,0
 Tracked objects:
		On entry : 
		On exit  : 
		Unchanged: 
 Data sizes:     COMMON   BANK0   BANK1   BANK3   BANK2
      Params:         0       0       0       0       0
      Locals:         1       0       0       0       0
      Temps:          3       0       0       0       0
      Totals:         4       0       0       0       0
Total ram usage:        4 bytes
 Hardware stack levels used:    1
 This function calls:
		Nothing
 This function is called by:
		_Prueba_sal
 This function uses a non-reentrant model


 *************** function _ADC *****************
 Defined at:
		line 80 in file "Probador1.c"
 Parameters:    Size  Location     Type
		None
 Auto vars:     Size  Location     Type
  valor           2   17[BANK0 ] unsigned int 
  i               2   15[BANK0 ] unsigned int 
 Return value:  Size  Location     Type
                  1    wreg      void 
 Registers used:
		wreg, fsr0l, fsr0h, status,2, status,0, btemp+1, pclath, cstack
 Tracked objects:
		On entry : 
		On exit  : 
		Unchanged: 
 Data sizes:     COMMON   BANK0   BANK1   BANK3   BANK2
      Params:         0       0       0       0       0
      Locals:         0       4       0       0       0
      Temps:          0       3       0       0       0
      Totals:         0       7       0       0       0
Total ram usage:        7 bytes
 Hardware stack levels used:    1
 Hardware stack levels required when called:    3
 This function calls:
		_ADC_Init
		_ADC_Read
		___flge
		___xxtofl
		_printf
 This function is called by:
		_main
 This function uses a non-reentrant model


 *************** function _printf *****************
 Defined at:
		line 477 in file "C:\Program Files\Microchip\xc8\v2.20\pic\sources\c90\common\doprnt.c"
 Parameters:    Size  Location     Type
  f               1    wreg     PTR const unsigned char 
		 -> STR_2(11), STR_1(7), 
 Auto vars:     Size  Location     Type
  f               1    8[BANK0 ] PTR const unsigned char 
		 -> STR_2(11), STR_1(7), 
  tmpval          4    0        struct .
  val             2    5[BANK0 ] unsigned int 
  cp              2    0        PTR const unsigned char 
  len             2    0        unsigned int 
  c               1    9[BANK0 ] unsigned char 
  prec            1    7[BANK0 ] char 
  ap              1    4[BANK0 ] PTR void [1]
		 -> ?_printf(2), 
  flag            1    3[BANK0 ] unsigned char 
 Return value:  Size  Location     Type
                  2   12[COMMON] int 
 Registers used:
		wreg, fsr0l, fsr0h, status,2, status,0, btemp+1, pclath, cstack
 Tracked objects:
		On entry : 
		On exit  : 
		Unchanged: 
 Data sizes:     COMMON   BANK0   BANK1   BANK3   BANK2
      Params:         2       0       0       0       0
      Locals:         0       7       0       0       0
      Temps:          0       3       0       0       0
      Totals:         2      10       0       0       0
Total ram usage:       12 bytes
 Hardware stack levels used:    1
 Hardware stack levels required when called:    2
 This function calls:
		___lwdiv
		___lwmod
		_putch
 This function is called by:
		_ADC
 This function uses a non-reentrant model


 *************** function _putch *****************
 Defined at:
		line 59 in file "Probador1.c"
 Parameters:    Size  Location     Type
  data            1    wreg     unsigned char 
 Auto vars:     Size  Location     Type
  data            1    1[COMMON] unsigned char 
 Return value:  Size  Location     Type
                  1    wreg      void 
 Registers used:
		wreg, status,2, status,0, pclath, cstack
 Tracked objects:
		On entry : 
		On exit  : 
		Unchanged: 
 Data sizes:     COMMON   BANK0   BANK1   BANK3   BANK2
      Params:         0       0       0       0       0
      Locals:         1       0       0       0       0
      Temps:          0       0       0       0       0
      Totals:         1       0       0       0       0
Total ram usage:        1 bytes
 Hardware stack levels used:    1
 Hardware stack levels required when called:    1
 This function calls:
		_UART_Write
 This function is called by:
		_printf
 This function uses a non-reentrant model


 *************** function _UART_Write *****************
 Defined at:
		line 54 in file "Probador1.c"
 Parameters:    Size  Location     Type
  data            1    wreg     unsigned char 
 Auto vars:     Size  Location     Type
  data            1    0[COMMON] unsigned char 
 Return value:  Size  Location     Type
                  1    wreg      void 
 Registers used:
		wreg
 Tracked objects:
		On entry : 
		On exit  : 
		Unchanged: 
 Data sizes:     COMMON   BANK0   BANK1   BANK3   BANK2
      Params:         0       0       0       0       0
      Locals:         1       0       0       0       0
      Temps:          0       0       0       0       0
      Totals:         1       0       0       0       0
Total ram usage:        1 bytes
 Hardware stack levels used:    1
 This function calls:
		Nothing
 This function is called by:
		_putch
 This function uses a non-reentrant model


 *************** function ___lwmod *****************
 Defined at:
		line 5 in file "C:\Program Files\Microchip\xc8\v2.20\pic\sources\c90\common\lwmod.c"
 Parameters:    Size  Location     Type
  divisor         2    7[COMMON] unsigned int 
  dividend        2    9[COMMON] unsigned int 
 Auto vars:     Size  Location     Type
  counter         1   11[COMMON] unsigned char 
 Return value:  Size  Location     Type
                  2    7[COMMON] unsigned int 
 Registers used:
		wreg, status,2, status,0, btemp+1
 Tracked objects:
		On entry : 
		On exit  : 
		Unchanged: 
 Data sizes:     COMMON   BANK0   BANK1   BANK3   BANK2
      Params:         4       0       0       0       0
      Locals:         1       0       0       0       0
      Temps:          0       0       0       0       0
      Totals:         5       0       0       0       0
Total ram usage:        5 bytes
 Hardware stack levels used:    1
 This function calls:
		Nothing
 This function is called by:
		_printf
 This function uses a non-reentrant model


 *************** function ___lwdiv *****************
 Defined at:
		line 5 in file "C:\Program Files\Microchip\xc8\v2.20\pic\sources\c90\common\lwdiv.c"
 Parameters:    Size  Location     Type
  divisor         2    0[COMMON] unsigned int 
  dividend        2    2[COMMON] unsigned int 
 Auto vars:     Size  Location     Type
  quotient        2    4[COMMON] unsigned int 
  counter         1    6[COMMON] unsigned char 
 Return value:  Size  Location     Type
                  2    0[COMMON] unsigned int 
 Registers used:
		wreg, status,2, status,0, btemp+1
 Tracked objects:
		On entry : 
		On exit  : 
		Unchanged: 
 Data sizes:     COMMON   BANK0   BANK1   BANK3   BANK2
      Params:         4       0       0       0       0
      Locals:         3       0       0       0       0
      Temps:          0       0       0       0       0
      Totals:         7       0       0       0       0
Total ram usage:        7 bytes
 Hardware stack levels used:    1
 This function calls:
		Nothing
 This function is called by:
		_printf
 This function uses a non-reentrant model


 *************** function ___xxtofl *****************
 Defined at:
		line 10 in file "C:\Program Files\Microchip\xc8\v2.20\pic\sources\c90\common\xxtofl.c"
 Parameters:    Size  Location     Type
  sign            1    wreg     unsigned char 
  val             4    0[COMMON] long 
 Auto vars:     Size  Location     Type
  sign            1    8[COMMON] unsigned char 
  arg             4   10[COMMON] unsigned long 
  exp             1    9[COMMON] unsigned char 
 Return value:  Size  Location     Type
                  4    0[COMMON] unsigned char 
 Registers used:
		wreg, status,2, status,0, btemp+1
 Tracked objects:
		On entry : 
		On exit  : 
		Unchanged: 
 Data sizes:     COMMON   BANK0   BANK1   BANK3   BANK2
      Params:         4       0       0       0       0
      Locals:         6       0       0       0       0
      Temps:          4       0       0       0       0
      Totals:        14       0       0       0       0
Total ram usage:       14 bytes
 Hardware stack levels used:    1
 This function calls:
		Nothing
 This function is called by:
		_ADC
 This function uses a non-reentrant model


 *************** function ___flge *****************
 Defined at:
		line 4 in file "C:\Program Files\Microchip\xc8\v2.20\pic\sources\c90\common\flge.c"
 Parameters:    Size  Location     Type
  ff1             4    0[BANK0 ] unsigned char 
  ff2             4    4[BANK0 ] unsigned char 
 Auto vars:     Size  Location     Type
		None
 Return value:  Size  Location     Type
		None               void
 Registers used:
		wreg, status,2, status,0
 Tracked objects:
		On entry : 
		On exit  : 
		Unchanged: 
 Data sizes:     COMMON   BANK0   BANK1   BANK3   BANK2
      Params:         0       8       0       0       0
      Locals:         0       0       0       0       0
      Temps:          0       4       0       0       0
      Totals:         0      12       0       0       0
Total ram usage:       12 bytes
 Hardware stack levels used:    1
 This function calls:
		Nothing
 This function is called by:
		_ADC
 This function uses a non-reentrant model


 *************** function _ADC_Read *****************
 Defined at:
		line 70 in file "Probador1.c"
 Parameters:    Size  Location     Type
  channel         1    wreg     unsigned char 
 Auto vars:     Size  Location     Type
  channel         1    4[COMMON] unsigned char 
 Return value:  Size  Location     Type
                  2    0[COMMON] unsigned int 
 Registers used:
		wreg, status,2, status,0, btemp+1
 Tracked objects:
		On entry : 
		On exit  : 
		Unchanged: 
 Data sizes:     COMMON   BANK0   BANK1   BANK3   BANK2
      Params:         2       0       0       0       0
      Locals:         1       0       0       0       0
      Temps:          2       0       0       0       0
      Totals:         5       0       0       0       0
Total ram usage:        5 bytes
 Hardware stack levels used:    1
 This function calls:
		Nothing
 This function is called by:
		_ADC
 This function uses a non-reentrant model


 *************** function _ADC_Init *****************
 Defined at:
		line 64 in file "Probador1.c"
 Parameters:    Size  Location     Type
		None
 Auto vars:     Size  Location     Type
		None
 Return value:  Size  Location     Type
                  1    wreg      void 
 Registers used:
		wreg
 Tracked objects:
		On entry : 
		On exit  : 
		Unchanged: 
 Data sizes:     COMMON   BANK0   BANK1   BANK3   BANK2
      Params:         0       0       0       0       0
      Locals:         0       0       0       0       0
      Temps:          2       0       0       0       0
      Totals:         2       0       0       0       0
Total ram usage:        2 bytes
 Hardware stack levels used:    1
 This function calls:
		Nothing
 This function is called by:
		_ADC
 This function uses a non-reentrant model



MODULE INFORMATION

Module		Function		Class		Link	Load	Size
Probador1.c
		_porte_ent     		CODE           	0048	0000	6
		_ADC           		CODE           	03D4	0000	295
		_putch         		CODE           	004D	0000	9
		_main          		CODE           	04FA	0000	759
		_port_conf_r1  		CODE           	006F	0000	16
		_port_conf_r2  		CODE           	0061	0000	15
		_Prueba_sal    		CODE           	0090	0000	22
		_porte_sal     		CODE           	0044	0000	5
		_salidas       		CODE           	014E	0000	103
		_UART_Write    		CODE           	0055	0000	13
		_ADC_Read      		CODE           	00A5	0000	44
		_ADC_Init      		CODE           	007E	0000	19

Probador1.c estimated size: 1306

C:\Program Files\Microchip\xc8\v2.20\pic\sources\c90\common\xxtofl.c
		___xxtofl      		CODE           	0258	0000	187

C:\Program Files\Microchip\xc8\v2.20\pic\sources\c90\common\xxtofl.c estimated size: 187

C:\Program Files\Microchip\xc8\v2.20\pic\sources\c90\common\lwmod.c
		___lwmod       		CODE           	00D0	0000	59

C:\Program Files\Microchip\xc8\v2.20\pic\sources\c90\common\lwmod.c estimated size: 59

C:\Program Files\Microchip\xc8\v2.20\pic\sources\c90\common\flge.c
		___flge        		CODE           	01B4	0000	165

C:\Program Files\Microchip\xc8\v2.20\pic\sources\c90\common\flge.c estimated size: 165

C:\Program Files\Microchip\xc8\v2.20\pic\sources\c90\common\doprnt.c
		_printf        		CODE           	0312	0000	195

C:\Program Files\Microchip\xc8\v2.20\pic\sources\c90\common\doprnt.c estimated size: 195

shared
		__stringtab    		STRING         	0003	0000	7
		_dpowers       		STRING         	0009	0000	11
		__initialization		CODE           	07F0	0000	13

shared estimated size: 31

C:\Program Files\Microchip\xc8\v2.20\pic\sources\c90\common\lwdiv.c
		___lwdiv       		CODE           	010A	0000	69

C:\Program Files\Microchip\xc8\v2.20\pic\sources\c90\common\lwdiv.c estimated size: 69

