Microchip MPLAB XC8 Compiler V2.36

Linker command line:

-W-3 --edf=C:\Program Files\Microchip\xc8\v2.36\pic\dat\en_msgs.txt -cn \
  -h+dist/default/production\Probador_ver1.X.production.sym \
  --cmf=dist/default/production\Probador_ver1.X.production.cmf -z -Q16F877A \
  -oC:\Users\kada9\AppData\Local\Temp\xcAs5mk.4 --defsym=__MPLAB_BUILD=1 \
  -Mdist/default/production/Probador_ver1.X.production.map \
  --md=C:\Users\kada9\AppData\Local\Temp\xcAs5mk.dat -E1 -ver=XC8 Compiler \
  --acfsm=1493 -ACODE=00h-07FFhx4 -ASTRCODE=00h-01FFFh -ASTRING=00h-0FFhx32 \
  -ACONST=00h-0FFhx32 -AENTRY=00h-0FFhx32 -ACOMMON=070h-07Fh \
  -ABANK0=020h-06Fh -ABANK1=0A0h-0EFh -ABANK2=0110h-016Fh \
  -ABANK3=0190h-01EFh -ARAM=020h-06Fh,0A0h-0EFh,0110h-016Fh,0190h-01EFh \
  -AABS1=020h-07Fh,0A0h-0EFh,0110h-016Fh,0190h-01EFh -ASFR0=00h-01Fh \
  -ASFR1=080h-09Fh -ASFR2=0100h-010Fh -ASFR3=0180h-018Fh \
  -ACONFIG=02007h-02007h -DCONFIG=2 -AIDLOC=02000h-02003h -DIDLOC=2 \
  -AEEDATA=00h-0FFh/02100h -peeprom_data=EEDATA -DEEDATA=2 -DCODE=2 \
  -DSTRCODE=2 -DSTRING=2 -DCONST=2 -DENTRY=2 \
  -preset_vec=00h,intentry,init,end_init -ppowerup=CODE -pcinit=CODE \
  -pfunctab=ENTRY -k C:\Users\kada9\AppData\Local\Temp\xcAs5mk.o \
  dist/default/production\Probador_ver1.X.production.o 

Object code version is 3.11

Machine type is 16F877A



                Name                               Link     Load   Length Selector   Space Scale
C:\Users\kada9\AppData\Local\Temp\xcAs5mk.o
                end_init                              0        0        3        0       0
                config                             2007     2007        1        0       4
                idloc                              2000     2000        4        0       5
dist/default/production\Probador_ver1.X.production.o
                cinit                               7EF      7EF       11      FDE       0
                config                             2007     2007        1        0       4
                idloc                              2000     2000        4        0       5
                text8                               59D      59D       12      B3A       0
                text7                               5AF      5AF       2B      B5E       0
                text6                               58E      58E        F      B1C       0
                text5                               614      614       44      C28       0
                text4                               5DA      5DA       3A      BB4       0
                text3                               582      582        C      B04       0
                text2                               57A      57A        8      AF4       0
                text1                               658      658       C3      CB0       0
                maintext                            71B      71B       D4      E36       0
                cstackBANK0                          20       20       11       20       1
                cstackCOMMON                         70       70        E       70       1
                dataBANK0                            38       38        1       20       1
                bssBANK0                             31       31        7       20       1
                strings                               3        3       22        6       0
                idataBANK0                          579      579        1      AF2       0

TOTAL           Name                               Link     Load   Length     Space
        CLASS   CODE           
                end_init                              0        0        3         0
                cinit                               7EF      7EF       11         0
                text8                               59D      59D       12         0
                text7                               5AF      5AF       2B         0
                text6                               58E      58E        F         0
                text5                               614      614       44         0
                text4                               5DA      5DA       3A         0
                text3                               582      582        C         0
                text2                               57A      57A        8         0
                text1                               658      658       C3         0
                maintext                            71B      71B       D4         0
                idataBANK0                          579      579        1         0

        CLASS   STRCODE        

        CLASS   STRING         
                strings                               3        3       22         0

        CLASS   CONST          

        CLASS   ENTRY          

        CLASS   COMMON         
                cstackCOMMON                         70       70        E         1

        CLASS   BANK0          
                cstackBANK0                          20       20       11         1
                dataBANK0                            38       38        1         1
                bssBANK0                             31       31        7         1

        CLASS   BANK1          

        CLASS   BANK2          

        CLASS   BANK3          

        CLASS   RAM            

        CLASS   ABS1           
                abs_s1                               7E       7E        2         1

        CLASS   SFR0           

        CLASS   SFR1           

        CLASS   SFR2           

        CLASS   SFR3           

        CLASS   CONFIG         
                config                             2007     2007        1         4

        CLASS   IDLOC          
                idloc                              2000     2000        4         5

        CLASS   EEDATA         

        CLASS   STACK          



SEGMENTS        Name                           Load    Length   Top    Selector   Space  Class     Delta

                reset_vec                      000000  000003  000003         0       0  CODE        2
                strings                        000003  000022  000025         6       0  STRING      2
                cstackBANK0                    000020  000019  000039        20       1  BANK0       1
                cstackCOMMON                   000070  00000E  00007E        70       1  COMMON      1
                idataBANK0                     000579  000001  00057A       AF2       0  CODE        2
                text2                          00057A  000008  000582       AF4       0  CODE        2
                text3                          000582  00000C  00058E       B04       0  CODE        2
                text6                          00058E  00000F  00059D       B1C       0  CODE        2
                text8                          00059D  000012  0005AF       B3A       0  CODE        2
                text7                          0005AF  00002B  0005DA       B5E       0  CODE        2
                text4                          0005DA  00003A  000614       BB4       0  CODE        2
                text5                          000614  000044  000658       C28       0  CODE        2
                text1                          000658  0000C3  00071B       CB0       0  CODE        2
                maintext                       00071B  0000D4  0007EF       E36       0  CODE        2
                cinit                          0007EF  000011  000800       FDE       0  CODE        2


UNUSED ADDRESS RANGES

        Name                Unused          Largest block    Delta
        BANK0            0039-006F             37           1
        BANK1            00A0-00EF             50           1
        BANK2            0110-016F             60           1
        BANK3            0190-01EF             60           1
        CODE             0025-0578            554           2
                         0800-1FFF            800
        CONST            0025-0578            100           2
                         0800-1FFF            100
        EEDATA           2100-21FF            100           2
        ENTRY            0025-0578            100           2
                         0800-1FFF            100
        RAM              0039-006F             37           1
                         00A0-00EF             50
                         0110-016F             60
                         0190-01EF             60
        SFR0             0000-001F             20           1
        SFR1             0080-009F             20           1
        SFR2             0100-010F             10           1
        SFR3             0180-018F             10           1
        STRCODE          0025-0578            554           2
                         0800-1FFF           1800
        STRING           0025-0578            100           2
                         0800-1FFF            100

                                  Symbol Table

?_ADC_Read               cstackCOMMON 0070
?___lwdiv                cstackCOMMON 0070
?___lwmod                cstackCOMMON 0078
?_printf                 cstackBANK0  0020
ADC_Read@channel         cstackCOMMON 0074
UART_Write@data          cstackCOMMON 0070
_ADCON0                  (abs)        001F
_ADCON1                  (abs)        009F
_ADC_Init                text8        059D
_ADC_Read                text7        05AF
_ADRESH                  (abs)        001E
_ADRESL                  (abs)        009E
_GO_nDONE                (abs)        00FA
_PORTA                   (abs)        0005
_PORTB                   (abs)        0006
_PORTC                   (abs)        0007
_PORTD                   (abs)        0008
_PORTE                   (abs)        0009
_RCSTAbits               (abs)        0018
_RE0                     (abs)        0048
_RE1                     (abs)        0049
_RE2                     (abs)        004A
_SPBRG                   (abs)        0099
_TRISA                   (abs)        0085
_TRISB                   (abs)        0086
_TRISC                   (abs)        0087
_TRISD                   (abs)        0088
_TRISE                   (abs)        0089
_TXREG                   (abs)        0019
_TXSTAbits               (abs)        0098
_UART_Init               text6        058E
_UART_Write              text3        0582
__Habs1                  abs1         0000
__Hbank0                 bank0        0000
__Hbank1                 bank1        0000
__Hbank2                 bank2        0000
__Hbank3                 bank3        0000
__HbssBANK0              bssBANK0     0000
__Hcinit                 cinit        0800
__Hclrtext               clrtext      0000
__Hcode                  code         0000
__Hcommon                common       0000
__Hconfig                config       2008
__HcstackBANK0           cstackBANK0  0000
__HcstackCOMMON          cstackCOMMON 0000
__HdataBANK0             dataBANK0    0000
__Heeprom_data           eeprom_data  0000
__Hend_init              end_init     0003
__Hfunctab               functab      0000
__HidataBANK0            idataBANK0   0000
__Hidloc                 idloc        2004
__Hinit                  init         0000
__Hintentry              intentry     0000
__Hmaintext              maintext     0000
__Hpowerup               powerup      0000
__Hram                   ram          0000
__Hreset_vec             reset_vec    0000
__Hsfr0                  sfr0         0000
__Hsfr1                  sfr1         0000
__Hsfr2                  sfr2         0000
__Hsfr3                  sfr3         0000
__Hspace_0               (abs)        0800
__Hspace_1               (abs)        007E
__Hspace_2               (abs)        0000
__Hspace_3               (abs)        0000
__Hspace_4               (abs)        400F
__Hstack                 stack        0000
__Hstrings               strings      0000
__Htext                  text         0000
__Labs1                  abs1         0000
__Lbank0                 bank0        0000
__Lbank1                 bank1        0000
__Lbank2                 bank2        0000
__Lbank3                 bank3        0000
__LbssBANK0              bssBANK0     0000
__Lcinit                 cinit        07EF
__Lclrtext               clrtext      0000
__Lcode                  code         0000
__Lcommon                common       0000
__Lconfig                config       0000
__LcstackBANK0           cstackBANK0  0000
__LcstackCOMMON          cstackCOMMON 0000
__LdataBANK0             dataBANK0    0000
__Leeprom_data           eeprom_data  0000
__Lend_init              end_init     0000
__Lfunctab               functab      0000
__LidataBANK0            idataBANK0   0000
__Lidloc                 idloc        0000
__Linit                  init         0000
__Lintentry              intentry     0000
__Lmaintext              maintext     0000
__Lpowerup               powerup      0000
__Lram                   ram          0000
__Lreset_vec             reset_vec    0000
__Lsfr0                  sfr0         0000
__Lsfr1                  sfr1         0000
__Lsfr2                  sfr2         0000
__Lsfr3                  sfr3         0000
__Lspace_0               (abs)        0000
__Lspace_1               (abs)        0000
__Lspace_2               (abs)        0000
__Lspace_3               (abs)        0000
__Lspace_4               (abs)        0000
__Lstack                 stack        0000
__Lstrings               strings      0000
__Ltext                  text         0000
__S0                     (abs)        0800
__S1                     (abs)        007E
__S3                     (abs)        0000
___int_sp                stack        0000
___latbits               (abs)        0002
___lwdiv                 text5        0614
___lwdiv@counter         cstackCOMMON 0077
___lwdiv@dividend        cstackCOMMON 0072
___lwdiv@divisor         cstackCOMMON 0070
___lwdiv@quotient        cstackCOMMON 0075
___lwmod                 text4        05DA
___lwmod@counter         cstackCOMMON 007D
___lwmod@dividend        cstackCOMMON 007A
___lwmod@divisor         cstackCOMMON 0078
___sp                    stack        0000
___stackhi               (abs)        0000
___stacklo               (abs)        0000
__end_of_ADC_Init        text8        05AF
__end_of_ADC_Read        text7        05DA
__end_of_UART_Init       text6        059D
__end_of_UART_Write      text3        058E
__end_of___lwdiv         text5        0658
__end_of___lwmod         text4        0614
__end_of__initialization cinit        07FC
__end_of__stringtab      strings      0009
__end_of_dpowers         strings      0013
__end_of_main            maintext     07EF
__end_of_printf          text1        071B
__end_of_putch           text2        0582
__initialization         cinit        07EF
__pbssBANK0              bssBANK0     0031
__pcstackBANK0           cstackBANK0  0020
__pcstackCOMMON          cstackCOMMON 0070
__pdataBANK0             dataBANK0    0038
__pidataBANK0            idataBANK0   0579
__pmaintext              maintext     071B
__pstrings               strings      0003
__ptext1                 text1        0658
__ptext2                 text2        057A
__ptext3                 text3        0582
__ptext4                 text4        05DA
__ptext5                 text5        0614
__ptext6                 text6        058E
__ptext7                 text7        05AF
__ptext8                 text8        059D
__stringbase             strings      0008
__stringtab              strings      0003
_dpowers                 strings      0009
_incremento              bssBANK0     0037
_main                    maintext     071B
_mask                    bssBANK0     0035
_nro_pin                 dataBANK0    0038
_port_act                bssBANK0     0034
_printf                  text1        0658
_prueba                  bssBANK0     0033
_puerto                  bssBANK0     0036
_putch                   text2        057A
_xx                      bssBANK0     0032
btemp                    (abs)        007E
end_of_initialization    cinit        07FC
intlevel0                functab      0000
intlevel1                functab      0000
intlevel2                functab      0000
intlevel3                functab      0000
intlevel4                functab      0000
intlevel5                functab      0000
main@valor               cstackBANK0  002F
printf@ap                cstackBANK0  0026
printf@c                 cstackBANK0  002B
printf@f                 cstackBANK0  002A
printf@flag              cstackBANK0  0025
printf@prec              cstackBANK0  0029
printf@val               cstackBANK0  0027
putch@data               cstackCOMMON 0071
reset_vec                reset_vec    0000
start                    init         0000
start_initialization     cinit        07EF
wtemp0                   (abs)        007E


MODULE INFORMATION

Module		Function		Class		Link	Load	Size
C:\Program Files\Microchip\xc8\v2.36\pic\sources\c90\common\doprnt.c
		_printf        		CODE           	0658	0000	195

C:\Program Files\Microchip\xc8\v2.36\pic\sources\c90\common\doprnt.c estimated size: 195

C:\Program Files\Microchip\xc8\v2.36\pic\sources\c90\common\lwmod.c
		___lwmod       		CODE           	05DA	0000	58

C:\Program Files\Microchip\xc8\v2.36\pic\sources\c90\common\lwmod.c estimated size: 58

Probador1.c
		_putch         		CODE           	057A	0000	8
		_UART_Init     		CODE           	058E	0000	15
		_main          		CODE           	071B	0000	212
		_UART_Write    		CODE           	0582	0000	12
		_ADC_Read      		CODE           	05AF	0000	43
		_ADC_Init      		CODE           	059D	0000	18

Probador1.c estimated size: 308

C:\Program Files\Microchip\xc8\v2.36\pic\sources\c90\common\lwdiv.c
		___lwdiv       		CODE           	0614	0000	68

C:\Program Files\Microchip\xc8\v2.36\pic\sources\c90\common\lwdiv.c estimated size: 68

shared
		__stringtab    		STRING         	0003	0000	6
		_dpowers       		STRING         	0009	0000	10
		__initialization		CODE           	07EF	0000	13

shared estimated size: 29

